[goldenpackersmovers.com/index.html]
[backblue.gif]
[fade.gif]
[index.html]
[goldenpackersmovers.com/image2/final.jpg]
[cdnjs.cloudflare.com/ajax/libs/font-awesome/5.10.0/css/all.min.css]
[cdn.jsdelivr.net/npm/bootstrap-icons@1.4.1/font/bootstrap-icons.css]
[goldenpackersmovers.com/lib/animate/animate.min.css]
[goldenpackersmovers.com/lib/owlcarousel/assets/owl.carousel.min.css]
[goldenpackersmovers.com/css/bootstrap.min.css]
[goldenpackersmovers.com/css/style.css]
[maxcdn.bootstrapcdn.com/font-awesome/4.5.0/css/font-awesome.min.css]
[goldenpackersmovers.com/img/service-3.jpg]
[goldenpackersmovers.com/index-2.html]
[goldenpackersmovers.com/image2/l1t.png]
[goldenpackersmovers.com/about.html]
[goldenpackersmovers.com/service.html]
[goldenpackersmovers.com/contact.html]
[goldenpackersmovers.com/image2/Services/Best-Packers-and-Movers-in-India.png]
[goldenpackersmovers.com/image2/Services/GoldenPackers.png]
[goldenpackersmovers.com/img/about.jpg]
[goldenpackersmovers.com/image2/b - Copy.jpg]
[goldenpackersmovers.com/localmoving.html]
[goldenpackersmovers.com/image2/index - Copy.jpg]
[goldenpackersmovers.com/logisticservice.html]
[goldenpackersmovers.com/internationalmoving.html]
[goldenpackersmovers.com/image2/Car.jpg]
[goldenpackersmovers.com/carcarriers.html]
[goldenpackersmovers.com/img/service-5.jpg]
[goldenpackersmovers.com/warehousestorage.html]
[goldenpackersmovers.com/img/service-6.jpg]
[goldenpackersmovers.com/industrialrelocation.html]
[goldenpackersmovers.com/img/feature.jpg]
[goldenpackersmovers.com/airoli.html]
[goldenpackersmovers.com/andheri.html]
[goldenpackersmovers.com/bandra.html]
[goldenpackersmovers.com/belapur.html]
[goldenpackersmovers.com/bhiwandi.html]
[goldenpackersmovers.com/bhandup.html]
[goldenpackersmovers.com/chandivali.html]
[goldenpackersmovers.com/chembur.html]
[goldenpackersmovers.com/colaba.html]
[goldenpackersmovers.com/dombivali.html]
[goldenpackersmovers.com/dadar.html]
[goldenpackersmovers.com/gathkopar.html]
[goldenpackersmovers.com/ghansoli.html]
[goldenpackersmovers.com/hiranandani_estate.html]
[goldenpackersmovers.com/jogeshwari.html]
[goldenpackersmovers.com/juhinagar.html]
[goldenpackersmovers.com/juhu.html]
[goldenpackersmovers.com/kharwest.html]
[goldenpackersmovers.com/khareast.html]
[goldenpackersmovers.com/kanjurmarg.html]
[goldenpackersmovers.com/kalwa.html]
[goldenpackersmovers.com/kandivali.html]
[goldenpackersmovers.com/kharghar.html]
[goldenpackersmovers.com/koparkhairane.html]
[goldenpackersmovers.com/kurla.html]
[goldenpackersmovers.com/kasarvadawali.html]
[goldenpackersmovers.com/miraroad.html]
[goldenpackersmovers.com/marolnaka.html]
[goldenpackersmovers.com/manpada.html]
[goldenpackersmovers.com/mumbai.html]
[goldenpackersmovers.com/mulund.html]
[goldenpackersmovers.com/naupada.html]
[goldenpackersmovers.com/navi mumbai.html]
[goldenpackersmovers.com/nerul.html]
[goldenpackersmovers.com/prabhadevi.html]
[goldenpackersmovers.com/palva.html]
[goldenpackersmovers.com/panvel.html]
[goldenpackersmovers.com/powai.html]
[goldenpackersmovers.com/pune.html]
[goldenpackersmovers.com/rajasthan.html]
[goldenpackersmovers.com/seawoods.html]
[goldenpackersmovers.com/santacruz.html]
[goldenpackersmovers.com/thane.html]
[goldenpackersmovers.com/turbhe.html]
[goldenpackersmovers.com/varsova.html]
[goldenpackersmovers.com/vashi.html]
[goldenpackersmovers.com/villeparle.html]
[goldenpackersmovers.com/wadala.html]
[goldenpackersmovers.com/image2/K.jpg]
[goldenpackersmovers.com/image2/c6.png]
[goldenpackersmovers.com/image2/Industrial.jpg]
[goldenpackersmovers.com/image2/Pack.jpg]
[goldenpackersmovers.com/image2/FB_IMG_1642043303636.jpg]
[goldenpackersmovers.com/image2/index.jpg]
[goldenpackersmovers.com/image2/PicsArt_10-26-11.26.50.jpg]
[goldenpackersmovers.com/image2/FB_IMG_1642863474069.jpg]
[goldenpackersmovers.com/image2/b.jpg]
[goldenpackersmovers.com/image2/IMG_20211017_144234_513.jpg]
[goldenpackersmovers.com/transitinsurance.html]
[goldenpackersmovers.com/doortodoorservices.html]
[code.jquery.com/jquery-3.4.1.min.js]
[cdn.jsdelivr.net/npm/bootstrap@5.0.0/dist/js/bootstrap.bundle.min.js]
[goldenpackersmovers.com/lib/wow/wow.min.js]
[goldenpackersmovers.com/lib/easing/easing.min.js]
[goldenpackersmovers.com/lib/waypoints/waypoints.min.js]
[goldenpackersmovers.com/lib/counterup/counterup.min.js]
[goldenpackersmovers.com/lib/owlcarousel/owl.carousel.min.js]
[goldenpackersmovers.com/index.html]
[cdnjs.cloudflare.com/ajax/libs/font-awesome/5.10.0/css/all.min.css]
[goldenpackersmovers.com/js/main.js]
[cdn.jsdelivr.net/npm/bootstrap-icons@1.4.1/font/fonts/bootstrap-iconsfb95.woff2]
[cdn.jsdelivr.net/npm/bootstrap-icons@1.4.1/font/fonts/bootstrap-iconsfb95.woff]
[cdn.jsdelivr.net/npm/bootstrap-icons@1.4.1/font/bootstrap-icons.css]
[goldenpackersmovers.com/lib/animate/animate.min.css]
[goldenpackersmovers.com/lib/owlcarousel/assets/owl.video.play.png]
[goldenpackersmovers.com/lib/owlcarousel/assets/owl.carousel.min.css]
[goldenpackersmovers.com/css/bootstrap.min.css]
[goldenpackersmovers.com/img/carousel-1.jpg]
[goldenpackersmovers.com/img/map.png]
[goldenpackersmovers.com/css/style.css]
[maxcdn.bootstrapcdn.com/font-awesome/4.5.0/css/font-awesome.min.css]
[goldenpackersmovers.com/index-2.html]
[goldenpackersmovers.com/about.html]
[metatags.io/assets/meta-tags-16a33a6a8531e519cc0936fbba0ad904e52d35f34a46c97a2c9f6f7dd7d336f2.88.delayed]
[goldenpackersmovers.com/image2/Services/Golden Packers & Movers Warehouse Storage.jpg]
[goldenpackersmovers.com/image2/FB_IMG_1642043320539.jpg]
[goldenpackersmovers.com/image2/FB_IMG_1642863476549.jpg]
[goldenpackersmovers.com/service.html]
[goldenpackersmovers.com/contact.html]
[goldenpackersmovers.com/packingandunpacking.html]
[goldenpackersmovers.com/image2/Services/Golden Packers & Movers Local Moving.jpg]
[goldenpackersmovers.com/localmoving.html]
[goldenpackersmovers.com/image2/Services/Golden Packers & Movers Logistic Service.jpg]
[goldenpackersmovers.com/logisticservice.html]
[goldenpackersmovers.com/internationalmoving.html]
[goldenpackersmovers.com/image2/Services/Golden Packers & Movers Car-Carriers.jpg]
[goldenpackersmovers.com/carcarriers.html]
[goldenpackersmovers.com/image2/Services/Golden Packers & Movers Warehouse Storage-2.jpg]
[goldenpackersmovers.com/warehousestorage.html]
[goldenpackersmovers.com/industrialrelocation.html]
[goldenpackersmovers.com/img/GoldenPackers&Movers.jpg]
[goldenpackersmovers.com/airoli.html]
[goldenpackersmovers.com/andheri.html]
[goldenpackersmovers.com/bandra.html]
[goldenpackersmovers.com/belapur.html]
[goldenpackersmovers.com/bhiwandi.html]
[goldenpackersmovers.com/bhandup.html]
[goldenpackersmovers.com/chandivali.html]
[goldenpackersmovers.com/chembur.html]
[goldenpackersmovers.com/colaba.html]
[goldenpackersmovers.com/dombivali.html]
[goldenpackersmovers.com/dadar.html]
[goldenpackersmovers.com/gathkopar.html]
[goldenpackersmovers.com/ghansoli.html]
[goldenpackersmovers.com/hiranandani_estate.html]
[goldenpackersmovers.com/jogeshwari.html]
[goldenpackersmovers.com/juhinagar.html]
[goldenpackersmovers.com/juhu.html]
[goldenpackersmovers.com/kharwest.html]
[goldenpackersmovers.com/khareast.html]
[goldenpackersmovers.com/kanjurmarg.html]
[goldenpackersmovers.com/kalwa.html]
[goldenpackersmovers.com/kandivali.html]
[goldenpackersmovers.com/kharghar.html]
[goldenpackersmovers.com/koparkhairane.html]
[goldenpackersmovers.com/img/GoldenPackers&Movers1.jpg]
[goldenpackersmovers.com/kurla.html]
[goldenpackersmovers.com/kasarvadawali.html]
[goldenpackersmovers.com/miraroad.html]
[goldenpackersmovers.com/marolnaka.html]
[goldenpackersmovers.com/manpada.html]
[goldenpackersmovers.com/mumbai.html]
[goldenpackersmovers.com/mulund.html]
[goldenpackersmovers.com/naupada.html]
[goldenpackersmovers.com/navi mumbai.html]
[goldenpackersmovers.com/nerul.html]
[goldenpackersmovers.com/prabhadevi.html]
[goldenpackersmovers.com/palva.html]
[goldenpackersmovers.com/panvel.html]
[goldenpackersmovers.com/powai.html]
[goldenpackersmovers.com/pune.html]
[goldenpackersmovers.com/rajasthan.html]
[goldenpackersmovers.com/seawoods.html]
[goldenpackersmovers.com/santacruz.html]
[goldenpackersmovers.com/thane.html]
[goldenpackersmovers.com/turbhe.html]
[goldenpackersmovers.com/varsova.html]
[goldenpackersmovers.com/vashi.html]
[goldenpackersmovers.com/villeparle.html]
[goldenpackersmovers.com/wadala.html]
[goldenpackersmovers.com/transitinsurance.html]
[goldenpackersmovers.com/doortodoorservices.html]
[metatags.io/assets/404]
[goldenpackersmovers.com/packingandunpacking.html]
